[38;2;184;189;194;48;2;64;68;74m                                                                                  [m
[38;2;184;189;194;48;2;64;68;74m  f  foo                                  b  bar                                  [m
[38;2;184;189;194;48;2;64;68;74m                                                                                  [m