[38;2;255;255;255;48;2;89;93;99m                                                                                  [m
[38;2;255;255;255;48;2;89;93;99m  f  foo                                  b  bar                                  [m
[38;2;255;255;255;48;2;89;93;99m                                                                                  [m