[38;2;255;255;255;48;2;89;93;99m                                                                                  [m
[38;2;255;255;255;48;2;89;93;99m  q        quit             c       copy contents     ↵         open              [m
[38;2;255;255;255;48;2;89;93;99m  r        reload           home/g  go to top         /         find              [m
[38;2;255;255;255;48;2;89;93;99m  esc      go back          end/G   go to bottom      home/g    go to start       [m
[38;2;255;255;255;48;2;89;93;99m  ?        toggle help      pgup/b  page up           end/G     go to end         [m
[38;2;255;255;255;48;2;89;93;99m  !        toggle error     pgdn/f  page down         pgup/b/u  page up           [m
[38;2;255;255;255;48;2;89;93;99m  :        open menu        u       ½ page up         pgdn/f/d  page down         [m
[38;2;255;255;255;48;2;89;93;99m  ↑/k      move up          d       ½ page down                                   [m
[38;2;255;255;255;48;2;89;93;99m  ↓/j      move down        /       search content                                [m
[38;2;255;255;255;48;2;89;93;99m  ←/h      move left        n       next match                                    [m
[38;2;255;255;255;48;2;89;93;99m  →/l      move right       N       previous match                                [m
[38;2;255;255;255;48;2;89;93;99m  ⇧+tab/H  previous page    m       diff mode                                     [m
[38;2;255;255;255;48;2;89;93;99m  tab/L    next page        v       view mode                                     [m
[38;2;255;255;255;48;2;89;93;99m                            w       word wrap                                     [m
[38;2;255;255;255;48;2;89;93;99m                                                                                  [m